\BOOKMARK [0][-]{chapter*.4}{\376\377\000D\000e\000c\000l\000a\000r\000a\000t\000i\000o\000n}{}% 1
\BOOKMARK [0][-]{chapter*.7}{\376\377\000A\000c\000k\000n\000o\000w\000l\000e\000d\000g\000e\000m\000e\000n\000t}{}% 2
\BOOKMARK [0][-]{chapter*.9}{\376\377\000A\000b\000s\000t\000r\000a\000c\000t}{}% 3
\BOOKMARK [0][-]{chapter*.9}{\376\377\000C\000o\000n\000t\000e\000n\000t\000s}{}% 4
\BOOKMARK [0][-]{chapter*.9}{\376\377\000L\000i\000s\000t\000\040\000o\000f\000\040\000F\000i\000g\000u\000r\000e\000s}{}% 5
\BOOKMARK [0][-]{chapter*.10}{\376\377\000A\000b\000b\000r\000e\000v\000i\000a\000t\000i\000o\000n\000s}{}% 6
\BOOKMARK [0][-]{chapter.1}{\376\377\000I\000N\000T\000R\000O\000D\000U\000C\000T\000I\000O\000N}{}% 7
\BOOKMARK [1][-]{section.1.1}{\376\377\000T\000h\000e\000\040\000M\000a\000n\000d\000a\000t\000e\000\040\000a\000n\000d\000\040\000C\000o\000n\000s\000t\000r\000a\000i\000n\000t\000s\000\040\000o\000f\000\040\000E\000a\000r\000t\000h\000q\000u\000a\000k\000e\000\040\000E\000a\000r\000l\000y\000\040\000W\000a\000r\000n\000i\000n\000g\000\040\000S\000y\000s\000t\000e\000m\000s}{chapter.1}% 8
\BOOKMARK [1][-]{section.1.2}{\376\377\000E\000v\000o\000l\000u\000t\000i\000o\000n\000\040\000o\000f\000\040\000S\000e\000i\000s\000m\000i\000c\000\040\000S\000i\000g\000n\000a\000l\000\040\000D\000e\000t\000e\000c\000t\000i\000o\000n\000:\000\040\000F\000r\000o\000m\000\040\000T\000r\000a\000d\000i\000t\000i\000o\000n\000a\000l\000\040\000M\000e\000t\000h\000o\000d\000s\000\040\000t\000o\000\040\000D\000e\000e\000p\000\040\000L\000e\000a\000r\000n\000i\000n\000g}{chapter.1}% 9
\BOOKMARK [1][-]{section.1.3}{\376\377\000A\000d\000v\000a\000n\000c\000e\000d\000\040\000D\000e\000e\000p\000\040\000L\000e\000a\000r\000n\000i\000n\000g\000\040\000A\000p\000p\000l\000i\000c\000a\000t\000i\000o\000n\000s\000\040\000i\000n\000\040\000S\000e\000i\000s\000m\000o\000l\000o\000g\000y}{chapter.1}% 10
\BOOKMARK [2][-]{subsection.1.3.1}{\376\377\000P\000h\000a\000s\000e\000\040\000P\000i\000c\000k\000i\000n\000g\000\040\000a\000n\000d\000\040\000D\000i\000s\000c\000r\000i\000m\000i\000n\000a\000t\000i\000o\000n}{section.1.3}% 11
\BOOKMARK [2][-]{subsection.1.3.2}{\376\377\000A\000d\000d\000r\000e\000s\000s\000i\000n\000g\000\040\000S\000p\000e\000c\000i\000a\000l\000i\000z\000e\000d\000\040\000S\000e\000i\000s\000m\000o\000l\000o\000g\000i\000c\000a\000l\000\040\000C\000h\000a\000l\000l\000e\000n\000g\000e\000s}{section.1.3}% 12
\BOOKMARK [0][-]{chapter.2}{\376\377\000E\000X\000I\000S\000T\000I\000N\000G\000\040\000S\000Y\000S\000T\000E\000M\000\040\000\050\000L\000I\000T\000E\000R\000A\000T\000U\000R\000E\000\040\000R\000E\000V\000I\000E\000W\000\051}{}% 13
\BOOKMARK [0][-]{chapter.3}{\376\377\000P\000R\000O\000P\000O\000S\000E\000D\000\040\000S\000Y\000S\000T\000E\000M}{}% 14
\BOOKMARK [1][-]{section.3.1}{\376\377\000P\000R\000O\000P\000O\000S\000E\000D\000\040\000S\000Y\000S\000T\000E\000M}{chapter.3}% 15
\BOOKMARK [1][-]{section.3.2}{\376\377\000P\000R\000O\000P\000O\000S\000E\000D\000\040\000M\000E\000T\000H\000O\000D\000O\000L\000O\000G\000Y}{chapter.3}% 16
\BOOKMARK [2][-]{subsection.3.2.1}{\376\377\000C\000o\000r\000e\000\040\000S\000y\000s\000t\000e\000m\000\040\000G\000o\000a\000l\000s\000\040\000a\000n\000d\000\040\000P\000e\000r\000f\000o\000r\000m\000a\000n\000c\000e\000\040\000O\000b\000j\000e\000c\000t\000i\000v\000e\000s}{section.3.2}% 17
\BOOKMARK [2][-]{subsection.3.2.2}{\376\377\000M\000u\000l\000t\000i\000-\000S\000t\000a\000g\000e\000\040\000P\000r\000o\000c\000e\000s\000s\000i\000n\000g\000\040\000W\000o\000r\000k\000f\000l\000o\000w}{section.3.2}% 18
\BOOKMARK [1][-]{section.3.3}{\376\377\000A\000D\000V\000A\000N\000T\000A\000G\000E\000S}{chapter.3}% 19
\BOOKMARK [2][-]{subsection.3.3.1}{\376\377\000S\000u\000p\000e\000r\000i\000o\000r\000\040\000A\000c\000c\000u\000r\000a\000c\000y}{section.3.3}% 20
\BOOKMARK [2][-]{subsection.3.3.2}{\376\377\000G\000r\000a\000n\000u\000l\000a\000r\000\040\000A\000n\000a\000l\000y\000s\000i\000s}{section.3.3}% 21
\BOOKMARK [2][-]{subsection.3.3.3}{\376\377\000F\000a\000s\000t\000\040\000M\000a\000g\000n\000i\000t\000u\000d\000e\000\040\000E\000s\000t\000i\000m\000a\000t\000i\000o\000n}{section.3.3}% 22
\BOOKMARK [2][-]{subsection.3.3.4}{\376\377\000R\000o\000b\000u\000s\000t\000\040\000a\000n\000d\000\040\000G\000e\000n\000e\000r\000a\000l\000i\000z\000a\000b\000l\000e}{section.3.3}% 23
\BOOKMARK [2][-]{subsection.3.3.5}{\376\377\000C\000o\000s\000t\000-\000e\000f\000f\000e\000c\000t\000i\000v\000e}{section.3.3}% 24
\BOOKMARK [1][-]{section.3.4}{\376\377\000M\000O\000D\000U\000L\000E\000S}{chapter.3}% 25
\BOOKMARK [2][-]{subsection.3.4.1}{\376\377\000D\000A\000T\000A\000S\000E\000T}{section.3.4}% 26
\BOOKMARK [2][-]{subsection.3.4.2}{\376\377\000S\000y\000s\000t\000e\000m\000\040\000M\000o\000d\000u\000l\000e\000s}{section.3.4}% 27
\BOOKMARK [1][-]{section.3.5}{\376\377\000A\000R\000C\000H\000I\000T\000E\000C\000T\000U\000R\000E}{chapter.3}% 28
\BOOKMARK [1][-]{section.3.6}{\376\377\000A\000l\000g\000o\000r\000i\000t\000h\000m\000s\000\040\000U\000s\000e\000d\000\040\000i\000n\000\040\000t\000h\000e\000\040\000P\000r\000o\000j\000e\000c\000t}{chapter.3}% 29
\BOOKMARK [2][-]{subsection.3.6.1}{\376\377\0001\000D\000\040\000C\000o\000n\000v\000o\000l\000u\000t\000i\000o\000n\000a\000l\000\040\000N\000e\000u\000r\000a\000l\000\040\000N\000e\000t\000w\000o\000r\000k\000\040\000\050\0001\000D\000\040\000C\000N\000N\000\051}{section.3.6}% 30
\BOOKMARK [2][-]{subsection.3.6.2}{\376\377\000G\000l\000o\000b\000a\000l\000\040\000A\000v\000e\000r\000a\000g\000e\000\040\000P\000o\000o\000l\000i\000n\000g\000\040\000\050\000G\000A\000P\000\051}{section.3.6}% 31
\BOOKMARK [2][-]{subsection.3.6.3}{\376\377\000A\000t\000t\000e\000n\000t\000i\000o\000n\000\040\000M\000e\000c\000h\000a\000n\000i\000s\000m}{section.3.6}% 32
\BOOKMARK [2][-]{subsection.3.6.4}{\376\377\000L\000o\000n\000g\000\040\000S\000h\000o\000r\000t\000-\000T\000e\000r\000m\000\040\000M\000e\000m\000o\000r\000y\000\040\000\050\000L\000S\000T\000M\000\051}{section.3.6}% 33
\BOOKMARK [2][-]{subsection.3.6.5}{\376\377\000B\000i\000d\000i\000r\000e\000c\000t\000i\000o\000n\000a\000l\000\040\000L\000S\000T\000M\000\040\000\050\000B\000i\000-\000L\000S\000T\000M\000\051}{section.3.6}% 34
\BOOKMARK [2][-]{subsection.3.6.6}{\376\377\000H\000y\000b\000r\000i\000d\000\040\000C\000N\000N\000-\000L\000S\000T\000M\000\040\000A\000r\000c\000h\000i\000t\000e\000c\000t\000u\000r\000e}{section.3.6}% 35
\BOOKMARK [2][-]{subsection.3.6.7}{\376\377\000R\000i\000n\000g\000\040\000B\000u\000f\000f\000e\000r\000\040\000A\000l\000g\000o\000r\000i\000t\000h\000m}{section.3.6}% 36
\BOOKMARK [2][-]{subsection.3.6.8}{\376\377\000D\000a\000t\000a\000\040\000P\000r\000e\000p\000r\000o\000c\000e\000s\000s\000i\000n\000g\000\040\000T\000e\000c\000h\000n\000i\000q\000u\000e\000s\000\040\000\050\000S\000u\000p\000p\000o\000r\000t\000i\000n\000g\000\040\000A\000l\000g\000o\000r\000i\000t\000h\000m\000s\000\051}{section.3.6}% 37
\BOOKMARK [2][-]{subsection.3.6.9}{\376\377\000S\000T\000A\000/\000L\000T\000A\000\040\000T\000r\000i\000g\000g\000e\000r\000\040\000A\000l\000g\000o\000r\000i\000t\000h\000m\000\040\000\050\000S\000h\000o\000r\000t\000-\000T\000e\000r\000m\000\040\000A\000v\000e\000r\000a\000g\000e\000\040\000/\000\040\000L\000o\000n\000g\000-\000T\000e\000r\000m\000\040\000A\000v\000e\000r\000a\000g\000e\000\051}{section.3.6}% 38
\BOOKMARK [1][-]{section.3.7}{\376\377\000S\000A\000M\000P\000L\000E\000\040\000C\000O\000D\000E\000S}{chapter.3}% 39
\BOOKMARK [2][-]{subsection.3.7.1}{\376\377\000W\000a\000v\000e\000f\000o\000r\000m\000\040\000P\000r\000e\000p\000r\000o\000c\000e\000s\000s\000i\000n\000g}{section.3.7}% 40
\BOOKMARK [2][-]{subsection.3.7.2}{\376\377\000E\000a\000r\000t\000h\000q\000u\000a\000k\000e\000\040\000D\000e\000t\000e\000c\000t\000o\000r\000\040\000\050\0001\000D\000-\000C\000N\000N\000\051}{section.3.7}% 41
\BOOKMARK [2][-]{subsection.3.7.3}{\376\377\000W\000a\000v\000e\000\040\000C\000l\000a\000s\000s\000i\000f\000i\000e\000r\000\040\000\050\0001\000D\000-\000C\000N\000N\000\040\000w\000i\000t\000h\000\040\000A\000t\000t\000e\000n\000t\000i\000o\000n\000\051}{section.3.7}% 42
\BOOKMARK [2][-]{subsection.3.7.4}{\376\377\000M\000a\000g\000n\000i\000t\000u\000d\000e\000\040\000P\000r\000e\000d\000i\000c\000t\000o\000r\000\040\000\050\000H\000y\000b\000r\000i\000d\000\040\000C\000N\000N\000-\000B\000i\000L\000S\000T\000M\000\051}{section.3.7}% 43
\BOOKMARK [2][-]{subsection.3.7.5}{\376\377\000S\000e\000q\000u\000e\000n\000t\000i\000a\000l\000\040\000I\000n\000f\000e\000r\000e\000n\000c\000e\000\040\000P\000i\000p\000e\000l\000i\000n\000e}{section.3.7}% 44
\BOOKMARK [0][-]{chapter.4}{\376\377\000R\000E\000S\000U\000L\000T\000S}{}% 45
\BOOKMARK [1][-]{section.4.1}{\376\377\000P\000e\000r\000f\000o\000r\000m\000a\000n\000c\000e\000\040\000S\000u\000m\000m\000a\000r\000y}{chapter.4}% 46
\BOOKMARK [0][-]{chapter.5}{\376\377\000F\000U\000T\000U\000R\000E\000\040\000S\000C\000O\000P\000E}{}% 47
\BOOKMARK [1][-]{section.5.1}{\376\377\000D\000i\000s\000t\000r\000i\000b\000u\000t\000e\000d\000\040\000S\000e\000n\000s\000i\000n\000g}{chapter.5}% 48
\BOOKMARK [1][-]{section.5.2}{\376\377\000E\000d\000g\000e\000\040\000A\000I\000\040\000D\000e\000p\000l\000o\000y\000m\000e\000n\000t}{chapter.5}% 49
\BOOKMARK [1][-]{section.5.3}{\376\377\000T\000r\000a\000n\000s\000f\000o\000r\000m\000e\000r\000-\000b\000a\000s\000e\000d\000\040\000M\000o\000d\000e\000l\000s}{chapter.5}% 50
\BOOKMARK [1][-]{section.5.4}{\376\377\000U\000n\000s\000u\000p\000e\000r\000v\000i\000s\000e\000d\000\040\000L\000e\000a\000r\000n\000i\000n\000g}{chapter.5}% 51
\BOOKMARK [0][-]{chapter.6}{\376\377\000C\000O\000N\000C\000L\000U\000S\000I\000O\000N}{}% 52
\BOOKMARK [0][-]{chapter.6}{\376\377\000R\000e\000f\000e\000r\000e\000n\000c\000e\000s}{}% 53
